// Jest Snapshot v1, https://goo.gl/fbAQLP

exports[`Pruebas en <GifItem /> debe hacer match con el snapshot 1`] = `
<div>
  <div
    class="card"
  >
    <img
      alt="Dragon Ball"
      src="https://media3.giphy.com/media/GRSnxyhJnPsaQy9YLn/giphy.gif?cid=4ff38d30e3sg5o7ov5jvitl2bmssc3rnbnvig7nbsx8xqgei&rid=giphy.gif&ct=g"
    />
    <p>
      Dragon Ball
    </p>
  </div>
</div>
`;
